make all --print-data-base --no-builtin-variables --no-builtin-rules --question
make: *** No rule to make target 'all'.  Stop.

# GNU Make 4.4.1
# Built for x86_64-pc-linux-gnu
# Copyright (C) 1988-2023 Free Software Foundation, Inc.
# License GPLv3+: GNU GPL version 3 or later <https://gnu.org/licenses/gpl.html>
# This is free software: you are free to change and redistribute it.
# There is NO WARRANTY, to the extent permitted by law.

# Make data base, printed on Sun Mar 29 20:10:43 2026

# Variables

# environment
GDK_BACKEND = wayland
# environment
MEMORY_PRESSURE_WRITE = c29tZSAyMDAwMDAgMjAwMDAwMAA=
# environment
LC_ALL = C
# environment
PNPM_HOME = /home/anthony/.local/share/pnpm
# environment
GTK_RC_FILES = /etc/gtk/gtkrc:/home/anthony/.gtkrc:/home/anthony/.config/gtkrc
# makefile (from 'Makefile', line 7)
PROJECT_NAME = react-app-generator
# environment
VSCODE_CRASH_REPORTER_PROCESS_TYPE = extensionHost
# environment
VSCODE_CWD = /home/anthony
# environment
GDM_LANG = en_US.UTF-8
# default
MAKE_COMMAND := make
# environment
APPLICATIONINSIGHTS_CONFIGURATION_CONTENT = {}
# environment
GTK3_MODULES = xapp-gtk3-module
# environment
QT_ACCESSIBILITY = 1
# environment
OTEL_INSTRUMENTATION_GENAI_CAPTURE_MESSAGE_CONTENT = true
# automatic
@D = $(patsubst %/,%,$(dir $@))
# environment
COPILOT_OTEL_EXPORTER_TYPE = file
# environment
VSCODE_HANDLES_UNCAUGHT_ERRORS = true
# default
.VARIABLES :=
# environment
PWD = /home/anthony/Documents/perso/projects/Forge-Stack-Workshop/template-react
# automatic
%D = $(patsubst %/,%,$(dir $%))
# environment
LSCOLORS = Gxfxcxdxbxegedabagacad
# environment
XDG_DATA_DIRS = /home/anthony/.local/share/flatpak/exports/share:/var/lib/flatpak/exports/share:/usr/local/share:/usr/share
# automatic
^D = $(patsubst %/,%,$(dir $^))
# automatic
%F = $(notdir $%)
# environment
VSCODE_CODE_CACHE_PATH = /home/anthony/.config/Code/CachedData/cfbea10c5ffb233ea9177d34726e6056e89913dc
# environment
XDG_SESSION_PATH = /org/freedesktop/DisplayManager/Session0
# environment
LANG = C
# environment
XAUTHORITY = /run/user/1000/xauth_FGJTqM
# default
.LOADED :=
# default
.INCLUDE_DIRS := /usr/local/include /usr/include
# environment
MEMORY_PRESSURE_WATCH = /sys/fs/cgroup/user.slice/user-1000.slice/user@1000.service/session.slice/plasma-plasmashell.service/memory.pressure
# makefile
MAKEFLAGS = pqrR
# makefile
CURDIR := /home/anthony/Documents/perso/projects/Forge-Stack-Workshop/template-react
# environment
APPLICATION_INSIGHTS_NO_DIAGNOSTIC_CHANNEL = 1
# environment
VSCODE_L10N_BUNDLE_LOCATION = file:///home/anthony/.vscode/extensions/ms-ceintl.vscode-language-pack-fr-1.110.2026032812/translations/extensions/vscode.json-language-features.i18n.json
# environment
ICEAUTHORITY = /run/user/1000/iceauth_vCdhXd
# automatic
*D = $(patsubst %/,%,$(dir $*))
# makefile (from 'Makefile', line 8)
NODE_BIN := node_modules/.bin
# environment
MFLAGS = -pqrR
# environment
SSH_AUTH_SOCK = /tmp/ssh-gYRUxt3Xtmvb/agent.7131
# default
.SHELLFLAGS := -c
# environment
WAYLAND_DISPLAY = wayland-0
# environment
XDG_CONFIG_DIRS = /home/anthony/.config/kdedefaults:/etc/xdg:/usr/share/desktop-base/kf5-settings
# environment
COPILOT_OTEL_FILE_EXPORTER_PATH = /dev/null
# automatic
+D = $(patsubst %/,%,$(dir $+))
# environment
XDG_SESSION_DESKTOP = plasma
# makefile (from 'Makefile', line 1)
MAKEFILE_LIST := Makefile
# automatic
@F = $(notdir $@)
# environment
ZSH = /home/anthony/.oh-my-zsh
# environment
VSCODE_PID = 498214
# environment
XDG_SESSION_TYPE = wayland
# automatic
?D = $(patsubst %/,%,$(dir $?))
# environment
SESSION_MANAGER = local/einar:@/tmp/.ICE-unix/4930,unix/einar:/tmp/.ICE-unix/4930
# automatic
*F = $(notdir $*)
# environment
XKB_DEFAULT_MODEL = pc105
# environment
QT_QPA_PLATFORMTHEME = qt5ct
# environment
CHROME_DESKTOP = code.desktop
# environment
DBUS_SESSION_BUS_ADDRESS = unix:path=/run/user/1000/bus
# automatic
<D = $(patsubst %/,%,$(dir $<))
# environment
VSCODE_NLS_CONFIG = {"userLocale":"fr","osLocale":"fr-fr","resolvedLanguage":"fr","defaultMessagesFile":"/usr/share/code/resources/app/out/nls.messages.json","languagePack":{"translationsConfigFile":"/home/anthony/.config/Code/clp/02fdc574b93057b43d90deb8a844b58a.fr/tcf.json","messagesFile":"/home/anthony/.config/Code/clp/02fdc574b93057b43d90deb8a844b58a.fr/cfbea10c5ffb233ea9177d34726e6056e89913dc/nls.messages.json","corruptMarkerFile":"/home/anthony/.config/Code/clp/02fdc574b93057b43d90deb8a844b58a.fr/corrupted.info"},"locale":"fr","availableLanguages":{"*":"fr"},"_languagePackId":"02fdc574b93057b43d90deb8a844b58a.fr","_languagePackSupport":true,"_translationsConfigFile":"/home/anthony/.config/Code/clp/02fdc574b93057b43d90deb8a844b58a.fr/tcf.json","_cacheRoot":"/home/anthony/.config/Code/clp/02fdc574b93057b43d90deb8a844b58a.fr","_resolvedLanguagePackCoreLocation":"/home/anthony/.config/Code/clp/02fdc574b93057b43d90deb8a844b58a.fr/cfbea10c5ffb233ea9177d34726e6056e89913dc","_corruptedFile":"/home/anthony/.config/Code/clp/02fdc574b93057b43d90deb8a844b58a.fr/corrupted.info"}
# default
MAKE_HOST := x86_64-pc-linux-gnu
# makefile
SHELL = /bin/sh
# default
MAKECMDGOALS := all
# environment
XMODIFIERS = @im=ibus
# environment
SHLVL = 0
# environment
MAKELEVEL := 0
# default
MAKE = $(MAKE_COMMAND)
# environment
PATH = /home/anthony/.local/share/pnpm:/home/anthony/.local/bin:/usr/local/bin:/usr/local/bin:/usr/bin:/bin:/usr/local/games:/usr/games
# default
MAKEFILES :=
# automatic
^F = $(notdir $^)
# environment
APPLICATION_INSIGHTS_NO_STATSBEAT = true
# environment
INVOCATION_ID = 81dcb0e77687485599d416267c2734e0
# automatic
?F = $(notdir $?)
# environment
KDE_APPLICATIONS_AS_SCOPE = 1
# environment
XDG_SEAT = seat0
# environment
GTK_IM_MODULE = ibus
# environment
XDG_CURRENT_DESKTOP = KDE
# environment
XKB_DEFAULT_VARIANT = latin9
# automatic
+F = $(notdir $+)
# environment
XDG_SEAT_PATH = /org/freedesktop/DisplayManager/Seat0
# environment
LESS = -R
# environment
DESKTOP_SESSION = plasma
# 'override' directive
GNUMAKEFLAGS :=
# environment

CLUTTER_IM_MODULE = ibus
# environment
LOGNAME = anthony
# environment
XDG_VTNR = 8
# makefile (from 'Makefile', line 11)
.DEFAULT_GOAL := help
# environment
SYSTEMD_EXEC_PID = 4986
# environment
DISPLAY = :0
# environment
USER = anthony
# environment
GTK_MODULES = gail:atk-bridge
# default
MAKE_VERSION := 4.4.1
# environment
KDE_SESSION_UID = 1000
# 'override' directive
.SHELLSTATUS := 0
# environment
MANAGERPID = 4339
# environment
XKB_DEFAULT_LAYOUT = fr
# environment
SSH_AGENT_PID = 7142
# environment
PAGER = less
# environment
_ = /usr/share/code/code
# environment
XDG_RUNTIME_DIR = /run/user/1000
# environment
GPG_AGENT_INFO = /run/user/1000/gnupg/S.gpg-agent:0:1
# environment
FC_FONTATIONS = 1
# environment
COPILOT_OTEL_ENABLED = true
# environment
JOURNAL_STREAM = 9:33066
# environment
VSCODE_DOTNET_INSTALL_TOOL_ORIGINAL_HOME = /home/anthony
# environment
XDG_SESSION_CLASS = user
# environment
GTK2_RC_FILES = /etc/gtk-2.0/gtkrc:/home/anthony/.gtkrc-2.0:/home/anthony/.config/gtkrc-2.0
# environment
HOME = /home/anthony
# environment
QT_IM_MODULE = ibus
# environment
ELECTRON_RUN_AS_NODE = 1
# environment
VSCODE_IPC_HOOK = /run/user/1000/vscode-143ef970-1.11-main.sock
# environment
XDG_SESSION_ID = 2
# environment
IM_CONFIG_PHASE = 1
# default
.RECIPEPREFIX :=
# automatic
<F = $(notdir $<)
# default
SUFFIXES :=
# environment
QT_AUTO_SCREEN_SCALE_FACTOR = 0
# environment
XDG_GREETER_DATA_DIR = /var/lib/lightdm/data/anthony
# environment
KDE_SESSION_VERSION = 6
# default
.FEATURES := target-specific order-only second-expansion else-if shortest-stem undefine oneshell nocomment grouped-target extra-prereqs notintermediate shell-export archives jobserver jobserver-fifo output-sync check-symlink load
# environment
KDE_FULL_SESSION = true
# environment
XDG_MENU_PREFIX = plasma-
# environment
VSCODE_ESM_ENTRYPOINT = vs/workbench/api/node/extensionHostProcess
# environment
GDMSESSION = plasma
# environment
QT_WAYLAND_RECONNECT = 1
# variable set hash-table stats:
# Load=125/1024=12%, Rehash=0, Collisions=9/159=6%

# Pattern-specific Variable Values

# No pattern-specific variable values.

# Directories

# . (device 65025, inode 15755392): 23 files, no impossibilities.

# 23 files, no impossibilities in 1 directories.

# Implicit Rules

# No implicit rules.

# Files

pre-commit-update:
#  Phony target (prerequisite of .PHONY).
#  Implicit rule search has not been done.
#  File does not exist.
#  File has not been updated.
#  recipe to execute (from 'Makefile', line 90):
	@pre-commit autoupdate

lint:
#  Phony target (prerequisite of .PHONY).
#  Implicit rule search has not been done.
#  File does not exist.
#  File has not been updated.
#  recipe to execute (from 'Makefile', line 66):
	@npm run lint

clean-all:
#  Phony target (prerequisite of .PHONY).
#  Implicit rule search has not been done.
#  File does not exist.
#  File has not been updated.
#  recipe to execute (from 'Makefile', line 101):
	@rm -rf dist dist-ssr node_modules

pre-commit-run:
#  Phony target (prerequisite of .PHONY).
#  Implicit rule search has not been done.
#  File does not exist.
#  File has not been updated.
#  recipe to execute (from 'Makefile', line 87):
	@pre-commit run --all-files

# Not a target:
Makefile:
#  Implicit rule search has been done.
#  File is secondary (prerequisite of .SECONDARY).
#  Last modified 2026-03-28 15:09:24.871473944
#  File has been updated.
#  Successfully updated.

clean:
#  Phony target (prerequisite of .PHONY).
#  Implicit rule search has not been done.
#  File does not exist.
#  File has not been updated.
#  recipe to execute (from 'Makefile', line 98):
	@rm -rf dist dist-ssr

install-ci:
#  Phony target (prerequisite of .PHONY).
#  Implicit rule search has not been done.
#  File does not exist.
#  File has not been updated.
#  recipe to execute (from 'Makefile', line 51):
	@npm ci

preview:
#  Phony target (prerequisite of .PHONY).
#  Implicit rule search has not been done.
#  File does not exist.
#  File has not been updated.
#  recipe to execute (from 'Makefile', line 62):
	@npm run preview

# Not a target:
.DEFAULT:
#  Implicit rule search has not been done.
#  Modification time never checked.
#  File has not been updated.

dev:
#  Phony target (prerequisite of .PHONY).

#  Implicit rule search has not been done.
#  File does not exist.
#  File has not been updated.
#  recipe to execute (from 'Makefile', line 55):
	@npm run dev

typecheck:
#  Phony target (prerequisite of .PHONY).
#  Implicit rule search has not been done.
#  File does not exist.
#  File has not been updated.
#  recipe to execute (from 'Makefile', line 72):
	@npx tsc --noEmit

# Not a target:
all:
#  Command line target.
#  Implicit rule search has been done.
#  File does not exist.
#  File has not been updated.

help:
#  Phony target (prerequisite of .PHONY).
#  Implicit rule search has not been done.
#  File does not exist.
#  File has not been updated.
#  recipe to execute (from 'Makefile', line 17):
	@echo "==================================================================="
	@echo "  $(PROJECT_NAME)"
	@echo "==================================================================="
	@echo ""
	@echo "Available commands:"
	@echo ""
	@grep -E '^[a-zA-Z_-]+(\([^)]*\))?:.*?## .*$$' $(MAKEFILE_LIST) 2>/dev/null | sort | \
		awk 'BEGIN {FS = ":.*?## "}; { \
			cmd = $$1; \
			desc = $$2; \
			if (match(cmd, /\([^)]+\)/)) { \
				args = substr(cmd, RSTART+1, RLENGTH-2); \
				gsub(/\([^)]+\)/, "", cmd); \
				printf "  \033[36m%-20s\033[0m \033[33m%-15s\033[0m %s\n", cmd, args, desc; \
			} else { \
				printf "  \033[36m%-20s\033[0m \033[33m%-15s\033[0m %s\n", cmd, "", desc; \
			} \
		}'
	@echo ""
	@echo "📝 EXAMPLES:"
	@echo "  make dev              # Start development server"
	@echo "  make build            # Build for production"
	@echo "  make lint             # Lint the code"
	@echo "  make format           # Format code"
	@echo ""
	@echo "Environment Variables:"
	@echo "  PROJECT_NAME=$(PROJECT_NAME)"
	@echo "==================================================================="

build:
#  Phony target (prerequisite of .PHONY).
#  Implicit rule search has not been done.
#  File does not exist.
#  File has not been updated.
#  recipe to execute (from 'Makefile', line 59):
	@npm run build

test-ci:
#  Phony target (prerequisite of .PHONY).
#  Implicit rule search has not been done.
#  File does not exist.
#  File has not been updated.
#  recipe to execute (from 'Makefile', line 79):
	@npm run test:ci 2>/dev/null || npm run test 2>/dev/null || echo "No test script configured"

test:
#  Phony target (prerequisite of .PHONY).
#  Implicit rule search has not been done.
#  File does not exist.
#  File has not been updated.
#  recipe to execute (from 'Makefile', line 76):
	@npm run test 2>/dev/null || echo "No test script configured"

pre-commit-install:
#  Phony target (prerequisite of .PHONY).
#  Implicit rule search has not been done.
#  File does not exist.
#  File has not been updated.
#  recipe to execute (from 'Makefile', line 83):
	@pre-commit install
	@pre-commit install --hook-type commit-msg

install:
#  Phony target (prerequisite of .PHONY).
#  Implicit rule search has not been done.
#  File does not exist.
#  File has not been updated.
#  recipe to execute (from 'Makefile', line 48):
	@npm install

ci: install-ci lint typecheck build
#  Phony target (prerequisite of .PHONY).
#  Implicit rule search has not been done.
#  File does not exist.
#  File has not been updated.

format:
#  Phony target (prerequisite of .PHONY).
#  Implicit rule search has not been done.
#  File does not exist.
#  File has not been updated.
#  recipe to execute (from 'Makefile', line 69):
	@$(NODE_BIN)/prettier --write "src/**/*.{ts,tsx,css,scss}" 2>/dev/null || echo "Prettier not configured"

msw-init:
#  Phony target (prerequisite of .PHONY).
#  Implicit rule search has not been done.
#  File does not exist.
#  File has not been updated.
#  recipe to execute (from 'Makefile', line 94):
	@npx msw init public/ --save

.PHONY: build ci clean-all clean dev format help install-ci install lint msw-init pre-commit-install pre-commit-run pre-commit-update preview test-ci test typecheck
#  Implicit rule search has not been done.
#  Modification time never checked.
#  File has not been updated.

# files hash-table stats:
# Load=23/1024=2%, Rehash=0, Collisions=0/74=0%
# VPATH Search Paths

# No 'vpath' search paths.

# No general ('VPATH' variable) search path.

# strcache buffers: 1 (0) / strings = 47 / storage = 482 B / avg = 10 B
# current buf: size = 8162 B / used = 482 B / count = 47 / avg = 10 B

# strcache performance: lookups = 91 / hit rate = 48%
# hash-table stats:
# Load=47/8192=1%, Rehash=0, Collisions=0/91=0%
# Finished Make data base on Sun Mar 29 20:10:43 2026
